// Jest Snapshot v1, https://goo.gl/fbAQLP

exports[`HomeScreen renders without crashing - with user 1`] = `
<RNCSafeAreaProvider
  onInsetsChange={[Function]}
  style={
    [
      {
        "flex": 1,
      },
      undefined,
    ]
  }
/>
`;

exports[`HomeScreen renders without crashing 1`] = `null`;
